// Jest Snapshot v1, https://goo.gl/fbAQLP

exports[`ProgressBar renders 1`] = `
<ProgressBar>
  <ProgressProvider>
    <Bar
      color="#29d"
      height="2px"
      progress={
        Object {
          "active": false,
          "value": 0,
        }
      }
      useBoxShadow={true}
    >
      <div
        className="reprogressbar reprogressbar--inactive"
      />
    </Bar>
  </ProgressProvider>
</ProgressBar>
`;
